// Vitest Snapshot v1, https://vitest.dev/guide/snapshot.html

exports[`Custom Commands > commands/custom, chat command, open tabs context 1`] = `
"Based on the given context, here is a high-level overview and the names of the files you have shared so far, formatted as a bulleted list with only the raw filenames:

High-level Overview:
The provided context consists of three code snippets, each exporting a function named \`example\` that returns the string 'example'. These code snippets appear to be from separate files within a codebase.

File Names:
- example1.ts
- example2.ts
- example3.ts"
`;

exports[`Custom Commands > commands/custom, edit command, edit mode 1`] = `
"export interface Animal {
    name: string
    makeAnimalSound(): string
    isMammal: boolean
    logName(): void {
        console.log(\`Animal name: \${this.name}\`)
    }
}

"
`;

exports[`Custom Commands > commands/custom, edit command, insert mode 1`] = `
"// hello
export function sum(a: number, b: number): number {
    /* CURSOR */
}
"
`;
