// Vitest Snapshot v1, https://vitest.dev/guide/snapshot.html

exports[`Agent > Chat > chat/submitMessage (long message) 1`] = `
"I'll create a simple Hello World function in Java for you.

\`\`\`java:src/HelloWorld.java
public class HelloWorld {
    public static void main(String[] args) {
        sayHello();
    }

    public static void sayHello() {
        System.out.println("Hello, World!");
    }
}
\`\`\`

To compile and run this Java program, you can use these commands:

\`\`\`bash
javac src/HelloWorld.java
\`\`\`

\`\`\`bash
java -cp src HelloWorld
\`\`\`

This creates a clean and simple Hello World program with a dedicated function to print the greeting. The program uses a separate \`sayHello()\` method which demonstrates good practice for function organization. Feel free to modify the message or add more functionality!"
`;

exports[`Agent > Chat > chat/submitMessage (short message) 1`] = `
{
  "model": "anthropic::2024-10-22::claude-3-5-sonnet-latest",
  "speaker": "assistant",
  "text": "Hi there! Great to meet you! I'm Cody, and I'm excited to help you with any coding or technical questions you may have. What would you like to work on?",
}
`;

exports[`Agent > Chat > chat/submitMessage (with mock context) 1`] = `
"\`\`\`typescript:src/dog.ts
export class Dog implements Animal {
    name: string;
    isMammal = true;

    constructor(name: string) {
        this.name = name;
    }

    makeAnimalSound(): string {
        return "Woof!";
    }
}
\`\`\`"
`;

exports[`Agent > Commands > commands/explain 1`] = `
"Sure. Here's an explanation for the provided code:

Code: Animal Interface in TypeScript

Purpose:
The purpose of this code is to define the structure for objects that represent animals in a program. This helps ensure that all objects that represent animals in the program have the same properties and methods, making it easier to work with them.

Inputs:
The code doesn't take any inputs. Instead, it defines the properties and methods that objects representing animals in the program should have.

Outputs:
The code doesn't produce any output. Instead, it defines a structure for objects that represent animals in the program.

Logic:
The code defines an interface, which is like a blueprint for an object. The interface has three properties: "name", "makeAnimalSound", and "isMammal". The "name" property is a string that represents the name of the animal. The "makeAnimalSound" property is a method that returns a string representing the sound that the animal makes. The "isMammal" property is a boolean that indicates whether the animal is a mammal.

Explanation:

* The first line, \`export interface Animal {\`, makes the \`Animal\` interface available for use in other files.
* The next three lines, \`name: string\`, \`makeAnimalSound(): string\`, and \`isMammal: boolean\`, define the properties that objects representing animals in the program should have. The \`name\` property is a string that represents the name of the animal, while the \`makeAnimalSound\` property is a method that returns a string representing the sound that the animal makes. The \`isMammal\` property is a boolean that indicates whether the animal is a mammal.
* The last line, \`}\`, closes the interface definition.

How it achieves its purpose:
The code defines an interface, which is a template for objects. Objects that implement this interface will have the properties and methods specified in the interface, ensuring consistency and predictability in working with these objects.

Important Logic Flows or Data Transformations:
There are no complex logic flows or data transformations in this code. The code simply defines a structure for objects that represent animals in a program.

Overall, this code defines the structure for objects that represent animals in a program, making it easier to work with these objects and ensuring that they have consistent properties and methods."
`;

exports[`Agent > Commands > commands/smell 1`] = `
"Based on the provided code:

\`\`\`typescript
export interface Animal {
    name: string
    makeAnimalSound(): string
    isMammal: boolean
}
\`\`\`

There are a few suggestions I would like to propose to improve the code's readability, maintainability, and alignment with best practices:

1. **Type Annotations**: Add type annotations to the interface properties. This can improve the code's readability and self-documentation.
    \`\`\`typescript
    export interface Animal {
        name: string;
        makeAnimalSound(): string;
        isMammal: boolean;
    }
    \`\`\`
2. **Method Documentation**: Provide a brief documentation comment for the interface and each method to explain their purpose. This can help developers understand the code more easily and improve maintainability.
    \`\`\`typescript
    /**
     * An interface representing an animal with name, a method to make its sound,
     * and whether it's a mammal.
     */
    export interface Animal {
        /** The name of the animal. */
        name: string;
        /** A method that generates the animal's sound. */
        makeAnimalSound(): string;
        /** A boolean value indicating if the animal is a mammal. */
        isMammal: boolean;
    }
    \`\`\`
3. **Exported Interfaces**: Align the interface properties for readability. This can help ensure the code consistently follows best practices.
    \`\`\`typescript
    export interface Animal {
        name: string;
        isMammal: boolean;
        makeAnimalSound(): string;
    }
    \`\`\`
4. **Access Modifiers**: Consider adding explicit access modifiers. Although this is a TypeScript/JavaScript convention rather than a strict requirement, adding access modifiers such as "public" or "private" can help define the interface's intended behavior more clearly.
    \`\`\`typescript
    export interface Animal {
        /** The name of the animal. */
        public name: string;
        /** A boolean value indicating if the animal is a mammal. */
        public isMammal: boolean;
        /** A method that generates the animal's sound. */
        public makeAnimalSound(): string;
    }
    \`\`\`
5. **Code Style**: Follow a consistent code style, such as using single quotes instead of double quotes for string literals. Although this is a subjective point, consistency in style can improve readability and maintainability.
    \`\`\`typescript
    export interface Animal {
        name: string;
        isMammal: boolean;
        makeAnimalSound(): string;
    }
    \`\`\`

Summarizing the analysis, I identified several opportunities for improvement in the given code, mainly related to readability, maintainability, and best practices. Considering these suggestions can help ensure a more robust, efficient, and consistently designed codebase."
`;
